// Jest Snapshot v1, https://goo.gl/fbAQLP

exports[` matches the snapshot  1`] = `
<div
  className="error"
>
  <h3>
    test
  </h3>
</div>
`;
