// Jest Snapshot v1, https://goo.gl/fbAQLP

exports[` matches the snapshot  1`] = `
<div
  className="header"
>
  <h1>
    Triangle Type Checker
  </h1>
</div>
`;
